Microchip MPLAB XC8 Compiler V1.35 ()

Linker command line:

-W-3 --edf=/opt/microchip/xc8/v1.35/dat/en_msgs.txt -cs \
  -h+dist/default/production/thermal_alert.X.production.sym \
  --cmf=dist/default/production/thermal_alert.X.production.cmf -z -Q16F1718 \
  -o/tmp/xcXBV4wzq -Mdist/default/production/thermal_alert.X.production.map \
  -E1 -ver=XC8 -ASTACK=021D0h-02777h -pstack=STACK -ACODE=00h-07FFhx8 \
  -ASTRCODE=00h-03FFFh -ASTRING=00h-0FFhx64 -ACONST=00h-0FFhx64 \
  -AENTRY=00h-0FFhx64 -ACOMMON=070h-07Fh -ABANK0=020h-06Fh \
  -ABANK1=0A0h-0EFh -ABANK2=0120h-016Fh -ABANK3=01A0h-01EFh \
  -ABANK4=0220h-026Fh -ABANK5=02A0h-02EFh -ABANK6=0320h-036Fh \
  -ABANK7=03A0h-03EFh -ABANK8=0420h-046Fh -ABANK9=04A0h-04EFh \
  -ABANK10=0520h-056Fh -ABANK11=05A0h-05EFh -ABANK12=0620h-066Fh \
  -ABANK13=06A0h-06EFh -ABANK14=0720h-076Fh -ABANK15=07A0h-07EFh \
  -ABANK16=0820h-086Fh -ABANK17=08A0h-08EFh -ABANK18=0920h-096Fh \
  -ABANK19=09A0h-09EFh -ABANK20=0A20h-0A6Fh -ABANK21=0AA0h-0AEFh \
  -ABANK22=0B20h-0B6Fh -ABANK23=0BA0h-0BEFh -ABANK24=0C20h-0C6Fh \
  -ABANK25=0CA0h-0CBFh -ABIGRAM=02000h-027EFh \
  -ARAM=020h-06Fh,0A0h-0EFh,0120h-016Fh,01A0h-01EFh,0220h-026Fh,02A0h-02EFh,0320h-036Fh,03A0h-03EFh,0420h-046Fh,04A0h-04EFh,0520h-056Fh,05A0h-05EFh,0620h-066Fh,06A0h-06EFh,0720h-076Fh,07A0h-07EFh,0820h-086Fh,08A0h-08EFh,0920h-096Fh,09A0h-09EFh,0A20h-0A6Fh,0AA0h-0AEFh,0B20h-0B6Fh,0BA0h-0BEFh,0C20h-0C6Fh,0CA0h-0CBFh \
  -AABS1=020h-07Fh,0A0h-0EFh,0120h-016Fh,01A0h-01EFh,0220h-026Fh,02A0h-02EFh,0320h-036Fh,03A0h-03EFh,0420h-046Fh,04A0h-04EFh,0520h-056Fh,05A0h-05EFh,0620h-066Fh,06A0h-06EFh,0720h-076Fh,07A0h-07EFh,0820h-086Fh,08A0h-08EFh,0920h-096Fh,09A0h-09EFh,0A20h-0A6Fh,0AA0h-0AEFh,0B20h-0B6Fh,0BA0h-0BEFh,0C20h-0C6Fh,0CA0h-0CBFh \
  -ASFR0=00h-01Fh -ASFR1=080h-09Fh -ASFR2=0100h-011Fh -ASFR3=0180h-019Fh \
  -ASFR4=0200h-021Fh -ASFR5=0280h-029Fh -ASFR6=0300h-031Fh \
  -ASFR7=0380h-039Fh -ASFR8=0400h-041Fh -ASFR9=0480h-049Fh \
  -ASFR10=0500h-051Fh -ASFR11=0580h-059Fh -ASFR12=0600h-061Fh \
  -ASFR13=0680h-069Fh -ASFR14=0700h-071Fh -ASFR15=0780h-079Fh \
  -ASFR16=0800h-081Fh -ASFR17=0880h-089Fh -ASFR18=0900h-091Fh \
  -ASFR19=0980h-099Fh -ASFR20=0A00h-0A1Fh -ASFR21=0A80h-0A9Fh \
  -ASFR22=0B00h-0B1Fh -ASFR23=0B80h-0B9Fh -ASFR24=0C00h-0C1Fh \
  -ASFR25=0C80h-0C9Fh -ASFR26=0D00h-0D6Fh -ASFR27=0D80h-0DEFh \
  -ASFR28=0E00h-0E6Fh -ASFR29=0E80h-0EEFh -ASFR30=0F00h-0F6Fh \
  -ASFR31=0F80h-0FEFh -preset_vec=00h,intentry=04h,init,end_init \
  -ppowerup=CODE -pcinit=CODE -pfunctab=CODE -ACONFIG=08007h-08008h \
  -pconfig=CONFIG -DCONFIG=2 -AIDLOC=08000h-08003h -pidloc=IDLOC -DIDLOC=2 \
  -DCODE=2 -DSTRCODE=2 -DSTRING=2 -DCONST=2 -DENTRY=2 -k /tmp/xcXx6CDG6.obj \
  dist/default/production/thermal_alert.X.production.obj 

Object code version is 3.11

Machine type is 16F1718



                Name                               Link     Load   Length Selector   Space Scale
/tmp/xcXx6CDG6.obj
                end_init                             34       34        2        8       0
                reset_vec                             0        0        2        0       0
                config                             8007     8007        2    1000E       0
dist/default/production/thermal_alert.X.production.obj
                cinit                                36       36       60        8       0
                intentry                              4        4       30        8       0
                text104                            1872     1872       1D     30E4       0
                text103                            18AC     18AC       1E     3158       0
                text102                            25F2     25F2        3     4BE4       0
                text101                            27CE     27CE       19     4F9C       0
                text99                             2628     2628        9     4C50       0
                text98                             1AD3     1AD3       35     35A6       0
                text97                             263B     263B        B     4C76       0
                text96                             1DAF     1DAF       45     3B5E       0
                text95                             1AA0     1AA0       33     3540       0
                text94                             1A3C     1A3C       32     3478       0
                text93                             2774     2774       15     4EE8       0
                text92                             183A     183A       1C     3074       0
                text91                             1E39     1E39       46     3C72       0
                text90                             1804     1804       1B     3008       0
                text89                             260A     260A        6     4C14       0
                text88                             10ED     10ED       5D     21DA       0
                text87                             2646     2646        B     4C8C       0
                text86                             2610     2610        6     4C20       0
                text85                             25F5     25F5        3     4BEA       0
                text84                             2651     2651        B     4CA2       0
                text83                             25F8     25F8        3     4BF0       0
                text82                             2680     2680        D     4D00       0
                text81                             2789     2789       15     4F12       0
                text80                             1EC6     1EC6       48     3D8C       0
                text79                             1B75     1B75       3B     36EA       0
                text78                             190B     190B       24     3216       0
                text77                             1C65     1C65       40     38CA       0
                text76                             1A6E     1A6E       32     34DC       0
                text75                             142D     142D       8A     285A       0
                text74                             2616     2616        6     4C2C       0
                text73                             2631     2631        A     4C62       0
                text72                             18E8     18E8       23     31D0       0
                text71                             26D2     26D2       10     4DA4       0
                text70                             1091     1091       5C     2122       0
                text69                             103E     103E       53     207C       0
                text68                             1CE5     1CE5       43     39CA       0
                text67                             26A7     26A7        E     4D4E       0
                text66                             192F     192F       24     325E       0
                text65                             25FB     25FB        5     4BF6       0
                text64                               96       96      2A3        8       0
                text63                             1BB0     1BB0       3B     3760       0
                text62                             274C     274C       14     4E98       0
                text61                             1FAE     1FAE       52     3F5C       0
                text60                             1724     1724       DC     2E48       0
                text59                             26E2     26E2       10     4DC4       0
                text58                             12CC     12CC       6B     2598       0
                text57                              E4D      E4D      1B3     1C9A       0
                text56                             1BEB     1BEB       3B     37D6       0
                text55                             1C26     1C26       3F     384C       0
                text54                             1DF4     1DF4       45     3BE8       0
                text53                              A04      A04      14B     1408       0
                text52                             15D0     15D0       91     2BA0       0
                text51                              811      811       F5     1022       0
                text50                             1953     1953       24     32A6       0
                text49                             261C     261C        6     4C38       0
                text48                             181F     181F       1B     303E       0
                text47                             27E7     27E7       19     4FCE       0
                text46                             1003     1003       3B     2006       0
                text45                             114A     114A       5E     2294       0
                text44                              7C6      7C6       3A      BAA       0
                text43                             26F2     26F2       11     4DE4       0
                text42                             14B7     14B7       8B     296E       0
                text41                             13AF     13AF       7E     275E       0
                text40                             1265     1265       67     24CA       0
                text39                             2622     2622        6     4C44       0
                text38                             19E5     19E5       2B     33CA       0
                text37                             2739     2739       13     4E72       0
                text36                             1F0E     1F0E       50     3E1C       0
                text35                             11A8     11A8       5E     2350       0
                text34                             1B3D     1B3D       38     367A       0
                text33                              CB6      CB6      197     196C       0
                text32                             18CA     18CA       1E     3194       0
                text31                             1000     1000        3     1C9A       0
                text30                             1206     1206       5F     240C       0
                text29                             279E     279E       18     4F3C       0
                text28                             1D6B     1D6B       44     3AD6       0
                text27                             1542     1542       8E     2A84       0
                text26                             199B     199B       25     3336       0
                text25                             1D28     1D28       43     3A50       0
                text24                             26B5     26B5        E     4D6A       0
                text23                             2703     2703       12     4E06       0
                text22                             2715     2715       12     4E2A       0
                text21                             26C3     26C3        F     4D86       0
                text20                              906      906       FE     120C       0
                text19                              5D5      5D5      1F1      BAA       0
                text18                             1E7F     1E7F       47     3CFE       0
                text17                             1F5E     1F5E       50     3EBC       0
                text16                             2600     2600        5     4C00       0
                text15                             2605     2605        5     4C0A       0
                text14                             265C     265C        C     4CB8       0
                text13                             1A10     1A10       2C     3420       0
                text12                             268D     268D        D     4D1A       0
                text11                             1977     1977       24     32EE       0
                text10                             2727     2727       12     4E4E       0
                text9                              19C0     19C0       25     3380       0
                text8                              188F     188F       1D     311E       0
                text7                              2760     2760       14     4EC0       0
                text6                              1856     1856       1C     30AC       0
                text5                              27B6     27B6       18     4F6C       0
                text4                              1B08     1B08       35     3610       0
                text3                              269A     269A        D     4D34       0
                text2                               800      800       11      BAA       0
                text1                               B4F      B4F      167     169E       0
                maintext                           1661     1661       C3     2CC2       0
                cstackBANK0                          20       20       50       20       1
                cstackCOMMON                         70       70        A       70       1
                cstackBANK1                          A0       A0       3E       A0       1
                inittext                           2668     2668        C     4CD0       0
                clrtext                            2674     2674        C     4CE8       0
                dataBANK5                           2A0      2A0       40      2A0       1
                bssBANK4                            220      220       20      220       1
                bssBANK3                            1A0      1A0       42      1A0       1
                dataBANK2                           168      168        4      120       1
                bssBANK2                            120      120       48      120       1
                dataBANK1                            EF       EF        1       A0       1
                bssBANK1                             DE       DE       11       A0       1
                bssCOMMON                            7A       7A        2       70       1
                nvBANK2                             16C      16C        3      120       1
                stringtext                          339      339      29C      672       0
                idataBIGRAM                        1337     1337       78     266E       0
                idataBANK5                         1CA5     1CA5       40     394A       0
                idataBANK2                         1800     1800        4     2E48       0
                idataBANK1                            3        3        1        6       0

TOTAL           Name                               Link     Load   Length     Space
        CLASS   STACK          

        CLASS   CODE           
                end_init                             34       34        2         0
                cinit                                36       36       60         0
                intentry                              4        4       30         0
                reset_vec                             0        0        2         0
                text104                            1872     1872       1D         0
                text103                            18AC     18AC       1E         0
                text102                            25F2     25F2        3         0
                text101                            27CE     27CE       19         0
                text99                             2628     2628        9         0
                text98                             1AD3     1AD3       35         0
                text97                             263B     263B        B         0
                text96                             1DAF     1DAF       45         0
                text95                             1AA0     1AA0       33         0
                text94                             1A3C     1A3C       32         0
                text93                             2774     2774       15         0
                text92                             183A     183A       1C         0
                text91                             1E39     1E39       46         0
                text90                             1804     1804       1B         0
                text89                             260A     260A        6         0
                text88                             10ED     10ED       5D         0
                text87                             2646     2646        B         0
                text86                             2610     2610        6         0
                text85                             25F5     25F5        3         0
                text84                             2651     2651        B         0
                text83                             25F8     25F8        3         0
                text82                             2680     2680        D         0
                text81                             2789     2789       15         0
                text80                             1EC6     1EC6       48         0
                text79                             1B75     1B75       3B         0
                text78                             190B     190B       24         0
                text77                             1C65     1C65       40         0
                text76                             1A6E     1A6E       32         0
                text75                             142D     142D       8A         0
                text74                             2616     2616        6         0
                text73                             2631     2631        A         0
                text72                             18E8     18E8       23         0
                text71                             26D2     26D2       10         0
                text70                             1091     1091       5C         0
                text69                             103E     103E       53         0
                text68                             1CE5     1CE5       43         0
                text67                             26A7     26A7        E         0
                text66                             192F     192F       24         0
                text65                             25FB     25FB        5         0
                text64                               96       96      2A3         0
                text63                             1BB0     1BB0       3B         0
                text62                             274C     274C       14         0
                text61                             1FAE     1FAE       52         0
                text60                             1724     1724       DC         0
                text59                             26E2     26E2       10         0
                text58                             12CC     12CC       6B         0
                text57                              E4D      E4D      1B3         0
                text56                             1BEB     1BEB       3B         0
                text55                             1C26     1C26       3F         0
                text54                             1DF4     1DF4       45         0
                text53                              A04      A04      14B         0
                text52                             15D0     15D0       91         0
                text51                              811      811       F5         0
                text50                             1953     1953       24         0
                text49                             261C     261C        6         0
                text48                             181F     181F       1B         0
                text47                             27E7     27E7       19         0
                text46                             1003     1003       3B         0
                text45                             114A     114A       5E         0
                text44                              7C6      7C6       3A         0
                text43                             26F2     26F2       11         0
                text42                             14B7     14B7       8B         0
                text41                             13AF     13AF       7E         0
                text40                             1265     1265       67         0
                text39                             2622     2622        6         0
                text38                             19E5     19E5       2B         0
                text37                             2739     2739       13         0
                text36                             1F0E     1F0E       50         0
                text35                             11A8     11A8       5E         0
                text34                             1B3D     1B3D       38         0
                text33                              CB6      CB6      197         0
                text32                             18CA     18CA       1E         0
                text31                             1000     1000        3         0
                text30                             1206     1206       5F         0
                text29                             279E     279E       18         0
                text28                             1D6B     1D6B       44         0
                text27                             1542     1542       8E         0
                text26                             199B     199B       25         0
                text25                             1D28     1D28       43         0
                text24                             26B5     26B5        E         0
                text23                             2703     2703       12         0
                text22                             2715     2715       12         0
                text21                             26C3     26C3        F         0
                text20                              906      906       FE         0
                text19                              5D5      5D5      1F1         0
                text18                             1E7F     1E7F       47         0
                text17                             1F5E     1F5E       50         0
                text16                             2600     2600        5         0
                text15                             2605     2605        5         0
                text14                             265C     265C        C         0
                text13                             1A10     1A10       2C         0
                text12                             268D     268D        D         0
                text11                             1977     1977       24         0
                text10                             2727     2727       12         0
                text9                              19C0     19C0       25         0
                text8                              188F     188F       1D         0
                text7                              2760     2760       14         0
                text6                              1856     1856       1C         0
                text5                              27B6     27B6       18         0
                text4                              1B08     1B08       35         0
                text3                              269A     269A        D         0
                text2                               800      800       11         0
                text1                               B4F      B4F      167         0
                maintext                           1661     1661       C3         0
                inittext                           2668     2668        C         0
                clrtext                            2674     2674        C         0
                idataBIGRAM                        1337     1337       78         0
                idataBANK5                         1CA5     1CA5       40         0
                idataBANK2                         1800     1800        4         0
                idataBANK1                            3        3        1         0

        CLASS   STRCODE        
                stringtext                          339      339      29C         0

        CLASS   STRING         

        CLASS   CONST          

        CLASS   ENTRY          

        CLASS   COMMON         
                cstackCOMMON                         70       70        A         1
                bssCOMMON                            7A       7A        2         1

        CLASS   BANK0          
                cstackBANK0                          20       20       50         1

        CLASS   BANK1          
                cstackBANK1                          A0       A0       3E         1
                dataBANK1                            EF       EF        1         1
                bssBANK1                             DE       DE       11         1

        CLASS   BANK2          
                dataBANK2                           168      168        4         1
                bssBANK2                            120      120       48         1
                nvBANK2                             16C      16C        3         1

        CLASS   BANK3          
                bssBANK3                            1A0      1A0       42         1

        CLASS   BANK4          
                bssBANK4                            220      220       20         1

        CLASS   BANK5          
                dataBANK5                           2A0      2A0       40         1

        CLASS   BANK6          

        CLASS   BANK7          

        CLASS   BANK8          

        CLASS   BANK9          

        CLASS   BANK10         

        CLASS   BANK11         

        CLASS   BANK12         

        CLASS   BANK13         

        CLASS   BANK14         

        CLASS   BANK15         

        CLASS   BANK16         

        CLASS   BANK17         

        CLASS   BANK18         

        CLASS   BANK19         

        CLASS   BANK20         

        CLASS   BANK21         

        CLASS   BANK22         

        CLASS   BANK23         

        CLASS   BANK24         

        CLASS   BANK25         

        CLASS   BIGRAM         

        CLASS   RAM            

        CLASS   ABS1           
                abs_s1                               7E       7E        2         1
                abs_s1                              BE8      BE8        8         1
                abs_s1                              C20      C20       50         1
                abs_s1                              CA0      CA0       20         1
                abs_s1                             2778     2778        0         1

        CLASS   SFR0           

        CLASS   SFR1           

        CLASS   SFR2           

        CLASS   SFR3           

        CLASS   SFR4           

        CLASS   SFR5           

        CLASS   SFR6           

        CLASS   SFR7           

        CLASS   SFR8           

        CLASS   SFR9           

        CLASS   SFR10          

        CLASS   SFR11          

        CLASS   SFR12          

        CLASS   SFR13          

        CLASS   SFR14          

        CLASS   SFR15          

        CLASS   SFR16          

        CLASS   SFR17          

        CLASS   SFR18          

        CLASS   SFR19          

        CLASS   SFR20          

        CLASS   SFR21          

        CLASS   SFR22          

        CLASS   SFR23          

        CLASS   SFR24          

        CLASS   SFR25          

        CLASS   SFR26          

        CLASS   SFR27          

        CLASS   SFR28          

        CLASS   SFR29          

        CLASS   SFR30          

        CLASS   SFR31          

        CLASS   CONFIG         
                config                             8007     8007        2         0

        CLASS   IDLOC          

        CLASS   BANK31         

        CLASS   BANK30         

        CLASS   BANK29         

        CLASS   BANK28         

        CLASS   BANK27         

        CLASS   BANK26         

        CLASS   EEDATA         



SEGMENTS        Name                           Load    Length   Top    Selector   Space  Class     Delta

                reset_vec                      000000  000002  000002         0       0  CODE        2
                idataBANK1                     000003  000001  000004         6       0  CODE        2
                intentry                       000004  000335  000339         8       0  CODE        2
                cstackBANK0                    000020  000050  000070        20       1  BANK0       1
                cstackCOMMON                   000070  00000C  00007C        70       1  COMMON      1
                cstackBANK1                    0000A0  000050  0000F0        A0       1  BANK1       1
                bssBANK2                       000120  00004F  00016F       120       1  BANK2       1
                bssBANK3                       0001A0  000042  0001E2       1A0       1  BANK3       1
                bssBANK4                       000220  000020  000240       220       1  BANK4       1
                dataBANK5                      0002A0  000040  0002E0       2A0       1  BANK5       1
                stringtext                     000339  00029C  0005D5       672       0  STRCODE     2
                text19                         0005D5  00023C  000811       BAA       0  CODE        2
                text51                         000811  0000F5  000906      1022       0  CODE        2
                text20                         000906  0000FE  000A04      120C       0  CODE        2
                text53                         000A04  00014B  000B4F      1408       0  CODE        2
                text1                          000B4F  000167  000CB6      169E       0  CODE        2
                text33                         000CB6  000197  000E4D      196C       0  CODE        2
                text57                         000E4D  0001B6  001003      1C9A       0  CODE        2
                text46                         001003  00003B  00103E      2006       0  CODE        2
                text69                         00103E  000053  001091      207C       0  CODE        2
                text70                         001091  00005C  0010ED      2122       0  CODE        2
                text88                         0010ED  00005D  00114A      21DA       0  CODE        2
                text45                         00114A  00005E  0011A8      2294       0  CODE        2
                text35                         0011A8  00005E  001206      2350       0  CODE        2
                text30                         001206  00005F  001265      240C       0  CODE        2
                text40                         001265  000067  0012CC      24CA       0  CODE        2
                text58                         0012CC  00006B  001337      2598       0  CODE        2
                idataBIGRAM                    001337  000078  0013AF      266E       0  CODE        2
                text41                         0013AF  00007E  00142D      275E       0  CODE        2
                text75                         00142D  00008A  0014B7      285A       0  CODE        2
                text42                         0014B7  00008B  001542      296E       0  CODE        2
                text27                         001542  00008E  0015D0      2A84       0  CODE        2
                text52                         0015D0  000091  001661      2BA0       0  CODE        2
                maintext                       001661  0000C3  001724      2CC2       0  CODE        2
                text60                         001724  0000E0  001804      2E48       0  CODE        2
                text90                         001804  00001B  00181F      3008       0  CODE        2
                text48                         00181F  00001B  00183A      303E       0  CODE        2
                text92                         00183A  00001C  001856      3074       0  CODE        2
                text6                          001856  00001C  001872      30AC       0  CODE        2
                text104                        001872  00001D  00188F      30E4       0  CODE        2
                text8                          00188F  00001D  0018AC      311E       0  CODE        2
                text103                        0018AC  00001E  0018CA      3158       0  CODE        2
                text32                         0018CA  00001E  0018E8      3194       0  CODE        2
                text72                         0018E8  000023  00190B      31D0       0  CODE        2
                text78                         00190B  000024  00192F      3216       0  CODE        2
                text66                         00192F  000024  001953      325E       0  CODE        2
                text50                         001953  000024  001977      32A6       0  CODE        2
                text11                         001977  000024  00199B      32EE       0  CODE        2
                text26                         00199B  000025  0019C0      3336       0  CODE        2
                text9                          0019C0  000025  0019E5      3380       0  CODE        2
                text38                         0019E5  00002B  001A10      33CA       0  CODE        2
                text13                         001A10  00002C  001A3C      3420       0  CODE        2
                text94                         001A3C  000032  001A6E      3478       0  CODE        2
                text76                         001A6E  000032  001AA0      34DC       0  CODE        2
                text95                         001AA0  000033  001AD3      3540       0  CODE        2
                text98                         001AD3  000035  001B08      35A6       0  CODE        2
                text4                          001B08  000035  001B3D      3610       0  CODE        2
                text34                         001B3D  000038  001B75      367A       0  CODE        2
                text79                         001B75  00003B  001BB0      36EA       0  CODE        2
                text63                         001BB0  00003B  001BEB      3760       0  CODE        2
                text56                         001BEB  00003B  001C26      37D6       0  CODE        2
                text55                         001C26  00003F  001C65      384C       0  CODE        2
                text77                         001C65  000040  001CA5      38CA       0  CODE        2
                idataBANK5                     001CA5  000040  001CE5      394A       0  CODE        2
                text68                         001CE5  000043  001D28      39CA       0  CODE        2
                text25                         001D28  000043  001D6B      3A50       0  CODE        2
                text28                         001D6B  000044  001DAF      3AD6       0  CODE        2
                text96                         001DAF  000045  001DF4      3B5E       0  CODE        2
                text54                         001DF4  000045  001E39      3BE8       0  CODE        2
                text91                         001E39  000046  001E7F      3C72       0  CODE        2
                text18                         001E7F  000047  001EC6      3CFE       0  CODE        2
                text80                         001EC6  000048  001F0E      3D8C       0  CODE        2
                text36                         001F0E  000050  001F5E      3E1C       0  CODE        2
                text17                         001F5E  000050  001FAE      3EBC       0  CODE        2
                text61                         001FAE  000052  002000      3F5C       0  CODE        2
                text102                        0025F2  000003  0025F5      4BE4       0  CODE        2
                text85                         0025F5  000003  0025F8      4BEA       0  CODE        2
                text83                         0025F8  000003  0025FB      4BF0       0  CODE        2
                text65                         0025FB  000005  002600      4BF6       0  CODE        2
                text16                         002600  000005  002605      4C00       0  CODE        2
                text15                         002605  000005  00260A      4C0A       0  CODE        2
                text89                         00260A  000006  002610      4C14       0  CODE        2
                text86                         002610  000006  002616      4C20       0  CODE        2
                text74                         002616  000006  00261C      4C2C       0  CODE        2
                text49                         00261C  000006  002622      4C38       0  CODE        2
                text39                         002622  000006  002628      4C44       0  CODE        2
                text99                         002628  000009  002631      4C50       0  CODE        2
                text73                         002631  00000A  00263B      4C62       0  CODE        2
                text97                         00263B  00000B  002646      4C76       0  CODE        2
                text87                         002646  00000B  002651      4C8C       0  CODE        2
                text84                         002651  00000B  00265C      4CA2       0  CODE        2
                text14                         00265C  00000C  002668      4CB8       0  CODE        2
                inittext                       002668  00000C  002674      4CD0       0  CODE        2
                clrtext                        002674  00000C  002680      4CE8       0  CODE        2
                text82                         002680  00000D  00268D      4D00       0  CODE        2
                text12                         00268D  00000D  00269A      4D1A       0  CODE        2
                text3                          00269A  00000D  0026A7      4D34       0  CODE        2
                text67                         0026A7  00000E  0026B5      4D4E       0  CODE        2
                text24                         0026B5  00000E  0026C3      4D6A       0  CODE        2
                text21                         0026C3  00000F  0026D2      4D86       0  CODE        2
                text71                         0026D2  000010  0026E2      4DA4       0  CODE        2
                text59                         0026E2  000010  0026F2      4DC4       0  CODE        2
                text43                         0026F2  000011  002703      4DE4       0  CODE        2
                text23                         002703  000012  002715      4E06       0  CODE        2
                text22                         002715  000012  002727      4E2A       0  CODE        2
                text10                         002727  000012  002739      4E4E       0  CODE        2
                text37                         002739  000013  00274C      4E72       0  CODE        2
                text62                         00274C  000014  002760      4E98       0  CODE        2
                text7                          002760  000014  002774      4EC0       0  CODE        2
                text93                         002774  000015  002789      4EE8       0  CODE        2
                text81                         002789  000015  00279E      4F12       0  CODE        2
                text29                         00279E  000018  0027B6      4F3C       0  CODE        2
                text5                          0027B6  000018  0027CE      4F6C       0  CODE        2
                text101                        0027CE  000019  0027E7      4F9C       0  CODE        2
                text47                         0027E7  000019  002800      4FCE       0  CODE        2
                config                         008007  000002  008009     1000E       0  CONFIG      2


UNUSED ADDRESS RANGES

        Name                Unused          Largest block    Delta
        BANK10           00520-0056F              50           1
        BANK11           005A0-005EF              50           1
        BANK12           00620-0066F              50           1
        BANK13           006A0-006EF              50           1
        BANK14           00720-0076F              50           1
        BANK15           007A0-007EF              50           1
        BANK16           00820-0086F              50           1
        BANK17           008A0-008EF              50           1
        BANK18           00920-0096F              50           1
        BANK19           009A0-009EF              50           1
        BANK2            0016F-0016F               1           1
        BANK20           00A20-00A6F              50           1
        BANK21           00AA0-00AEF              50           1
        BANK22           00B20-00B6F              50           1
        BANK23           00BA0-00BE7              48           1
        BANK3            001E2-001EF               E           1
        BANK4            00240-0026F              30           1
        BANK5            002E0-002EF              10           1
        BANK6            00320-0036F              50           1
        BANK7            003A0-003EF              50           1
        BANK8            00420-0046F              50           1
        BANK9            004A0-004EF              50           1
        BIGRAM           02000-027EF             7F0           1
        CODE             00002-00002               1           2
                         02000-025F1             5F2
                         02800-03FFF             800
        COMMON           0007C-0007D               2           1
        CONST            00002-00002               1           2
                         02000-025F1             100
                         02800-03FFF             100
        ENTRY            00002-00002               1           2
                         02000-025F1             100
                         02800-03FFF             100
        IDLOC            08000-08003               4           2
        RAM              0016F-0016F               1           1
                         001E2-001EF               E
                         00240-0026F              30
                         002E0-002EF              10
                         00320-0036F              50
                         003A0-003EF              50
                         00420-0046F              50
                         004A0-004EF              50
                         00520-0056F              50
                         005A0-005EF              50
                         00620-0066F              50
                         006A0-006EF              50
                         00720-0076F              50
                         007A0-007EF              50
                         00820-0086F              50
                         008A0-008EF              50
                         00920-0096F              50
                         009A0-009EF              50
                         00A20-00A6F              50
                         00AA0-00AEF              50
                         00B20-00B6F              50
                         00BA0-00BE7              48
        SFR0             00000-0001F              20           1
        SFR1             00080-0009F              20           1
        SFR10            00500-0051F              20           1
        SFR11            00580-0059F              20           1
        SFR12            00600-0061F              20           1
        SFR13            00680-0069F              20           1
        SFR14            00700-0071F              20           1
        SFR15            00780-0079F              20           1
        SFR16            00800-0081F              20           1
        SFR17            00880-0089F              20           1
        SFR18            00900-0091F              20           1
        SFR19            00980-0099F              20           1
        SFR2             00100-0011F              20           1
        SFR20            00A00-00A1F              20           1
        SFR21            00A80-00A9F              20           1
        SFR22            00B00-00B1F              20           1
        SFR23            00B80-00B9F              20           1
        SFR24            00C00-00C1F              20           1
        SFR25            00C80-00C9F              20           1
        SFR26            00D00-00D6F              70           1
        SFR27            00D80-00DEF              70           1
        SFR28            00E00-00E6F              70           1
        SFR29            00E80-00EEF              70           1
        SFR3             00180-0019F              20           1
        SFR30            00F00-00F6F              70           1
        SFR31            00F80-00FEF              70           1
        SFR4             00200-0021F              20           1
        SFR5             00280-0029F              20           1
        SFR6             00300-0031F              20           1
        SFR7             00380-0039F              20           1
        SFR8             00400-0041F              20           1
        SFR9             00480-0049F              20           1
        STACK            021D0-02777             5A8           1
        STRCODE          00002-00002               1           2
                         02000-025F1             5F2
                         02800-03FFF            1800
        STRING           00002-00002               1           2
                         02000-025F1             100
                         02800-03FFF             100

                                  Symbol Table

?_DS18B20_ReadRawTemperature                cstackCOMMON 00078
?_PWM3_GetDutyValue                         cstackCOMMON 00072
?_SysTime_DiffMs                            cstackBANK0  00024
?_SysTime_GetNow                            cstackBANK0  00020
?_TMR4_GetMs                                cstackCOMMON 00072
?_TMR4_GetSec                               cstackCOMMON 00072
?___awdiv                                   cstackCOMMON 00072
?___awmod                                   cstackCOMMON 00072
?___lldiv                                   cstackCOMMON 00072
?___llmod                                   cstackBANK0  00026
?___lmul                                    cstackCOMMON 00072
?___wmul                                    cstackBANK0  00020
?_printf                                    cstackBANK0  00030
?_strlen                                    cstackCOMMON 00072
?_strncmp                                   cstackCOMMON 00072
?_strtol                                    cstackBANK0  00024
ChangeToSettingsScreen@param                cstackBANK0  00037
Config_GetBottomLimit@bufData               cstackBANK0  0002B
Config_GetBottomLimit@p_fractLimit          cstackBANK0  00029
Config_GetBottomLimit@p_intLimit            cstackBANK0  00027
Config_GetUpLimit@bufData                   cstackBANK0  00029
Config_GetUpLimit@p_fractLimit              cstackBANK0  00027
Config_GetUpLimit@p_intLimit                cstackBANK0  0002D
Config_SetBottomLimit@fractLimit            cstackBANK0  00069
Config_SetBottomLimit@intLimit              cstackBANK0  00067
Config_SetBottomLimit@success               cstackBANK1  000A4
Config_SetBottomLimit@writeData             cstackBANK1  000A0
Config_SetUpLimit@fractLimit                cstackBANK0  00069
Config_SetUpLimit@intLimit                  cstackBANK0  00067
Config_SetUpLimit@success                   cstackBANK1  000A4
Config_SetUpLimit@writeData                 cstackBANK1  000A0
DS18B20_ReadRawTemperature@hibyte           cstackBANK0  00026
DS18B20_ReadRawTemperature@lowbyte          cstackBANK0  00025
DS18B20_ReadRawTemperature@result           cstackBANK0  00023
DS18B20_ResetAndDetect@present              cstackCOMMON 00076
DS18B20_SetResolution@configData            cstackCOMMON 00077
EEPROM_25AA040A_Dump@b                      cstackBANK0  00058
EEPROM_25AA040A_Dump@i                      cstackBANK0  00059
EEPROM_25AA040A_ReadByte@address            cstackCOMMON 00073
EEPROM_25AA040A_ReadByte@opcode             cstackBANK0  00020
EEPROM_25AA040A_ReadByte@result             cstackBANK0  00021
EEPROM_25AA040A_ReadToBuffer@address        cstackCOMMON 00073
EEPROM_25AA040A_ReadToBuffer@cntr           cstackBANK0  00025
EEPROM_25AA040A_ReadToBuffer@dataLength     cstackCOMMON 00076
EEPROM_25AA040A_ReadToBuffer@dst            cstackCOMMON 00075
EEPROM_25AA040A_ReadToBuffer@opcode         cstackBANK0  00024
EEPROM_25AA040A_WriteBuffer@WREN_Ok         cstackBANK0  00060
EEPROM_25AA040A_WriteBuffer@address         cstackBANK0  00056
EEPROM_25AA040A_WriteBuffer@bytesOnPage     cstackBANK0  00063
EEPROM_25AA040A_WriteBuffer@data            cstackBANK0  00058
EEPROM_25AA040A_WriteBuffer@dataLength      cstackBANK0  00059
EEPROM_25AA040A_WriteBuffer@i               cstackBANK0  00066
EEPROM_25AA040A_WriteBuffer@j               cstackBANK0  00064
EEPROM_25AA040A_WriteBuffer@lastPageLen     cstackBANK0  0005E
EEPROM_25AA040A_WriteBuffer@opcode          cstackBANK0  0005F
EEPROM_25AA040A_WriteBuffer@pageAddr        cstackBANK0  00061
EEPROM_25AA040A_WriteBuffer@pageCount       cstackBANK0  00065
EEPROM_25AA040A_WriteByte@WREN_Ok           cstackBANK0  0005E
EEPROM_25AA040A_WriteByte@address           cstackBANK0  00056
EEPROM_25AA040A_WriteByte@data              cstackBANK0  00058
EEPROM_25AA040A_WriteByte@opcode            cstackBANK0  0005D
EUSART_Read@readValue                       cstackCOMMON 00073
EUSART_Write@txData                         cstackCOMMON 00073
LCDBusyLoop@busy                            cstackCOMMON 00074
LCDBusyLoop@status                          cstackCOMMON 00076
LCDBusyLoop@temp                            cstackCOMMON 00075
LCDByte@c                                   cstackBANK0  00022
LCDByte@hn                                  cstackBANK0  00020
LCDByte@isdata                              cstackCOMMON 00077
LCDByte@ln                                  cstackBANK0  00021
LCDByte@temp                                cstackBANK0  00023
LCDGotoXY@x                                 cstackBANK0  00026
LCDGotoXY@y                                 cstackBANK0  00024
LCDInit@__i                                 cstackBANK0  00027
LCDInit@style                               cstackBANK0  00026
LCDWriteInt@F6391                           bssBANK3     001AC
LCDWriteInt@field_length                    cstackBANK0  00026
LCDWriteInt@i                               cstackBANK0  00030
LCDWriteInt@j                               cstackBANK0  0002E
LCDWriteInt@str                             cstackBANK0  00029
LCDWriteInt@val                             cstackBANK0  00024
LCDWriteString@cc                           cstackBANK0  00029
LCDWriteString@msg                          cstackBANK0  00026
LCD_ToggleBacklight@duty                    cstackBANK0  00038
MenuScreen_Clear@allSpace                   bssBANK3     001C1
MenuScreen_Clear@i                          cstackBANK0  0002B
MenuScreen_Init@i                           cstackCOMMON 00079
OW_read_bit@read_data                       cstackCOMMON 00074
OW_read_byte@loop                           cstackCOMMON 00077
OW_read_byte@result                         cstackCOMMON 00076
OW_reset_pulse@presence_detect              cstackCOMMON 00074
OW_write_bit@write_bit                      cstackCOMMON 00073
OW_write_byte@loop                          cstackCOMMON 00076
OW_write_byte@write_data                    cstackCOMMON 00075
PIN_MANAGER_Initialize@state                cstackCOMMON 00072
PWM3_LoadDutyValue@dutyValue                cstackCOMMON 00072
SPI_Exchange8bit@data                       cstackCOMMON 00072
SettingsScreen_Display@bottomInt            cstackBANK0  00035
SettingsScreen_Display@upInt                cstackBANK0  00033
SysTime_DiffMs@firstTime                    cstackBANK0  00024
SysTime_DiffMs@secondTime                   cstackBANK0  00026
SysTime_GetNow@result                       cstackBANK0  00026
TempSensor_Init@OW_Ok                       cstackBANK0  00057
_ACKAlarm                                   text38       019E5
_ANSELA                                     (abs)        0018C
_ANSELB                                     (abs)        0018D
_ANSELC                                     (abs)        0018E
_Alarm_Init                                 text97       0263B
_BAUD1CON                                   (abs)        0019F
_BottomFractLimitRT                         bssBANK2     00160
_BottomIntLimitRT                           bssBANK2     00162
_ButtonDown_LongPressCB                     bssBANK2     00124
_ButtonDown_PressCB                         bssBANK2     00126
_ButtonDown_ReleaseCB                       bssBANK2     00128
_ButtonSet_LongPressCB                      bssBANK2     0012A
_ButtonSet_PressCB                          bssBANK2     0012C
_ButtonSet_ReleaseCB                        bssBANK2     0012E
_ButtonUp_LongPressCB                       bssBANK2     00130
_ButtonUp_PressCB                           bssBANK2     00132
_ButtonUp_ReleaseCB                         bssBANK2     00134
_CCPTMRSbits                                (abs)        0029E
_ChangeToSettingsScreen                     text46       01003
_Config_GetBottomLimit                      text95       01AA0
_Config_GetUpLimit                          text94       01A3C
_Config_InitRTValues                        text93       02774
_Config_SetBottomLimit                      text42       014B7
_Config_SetUpLimit                          text41       013AF
_CurTempFract                               bssBANK1     000E0
_CurTempInt                                 bssBANK1     000DE
_CurrentTemperatureRaw                      bssBANK2     00164
_DS18B20_ReadRawTemperature                 text4        01B08
_DS18B20_ResetAndDetect                     text12       0268D
_DS18B20_SetResolution                      text9        019C0
_DS18B20_StartConversion                    text3        0269A
_EEPROM_25AA040A_Dump                       text30       01206
_EEPROM_25AA040A_ReadByte                   text98       01AD3
_EEPROM_25AA040A_ReadToBuffer               text96       01DAF
_EEPROM_25AA040A_WriteBuffer                text60       01724
_EEPROM_25AA040A_WriteByte                  text63       01BB0
_EUSART_Initialize                          text90       01804
_EUSART_Read                                text32       018CA
_EUSART_Receive_ISR                         text104      01872
_EUSART_Transmit_ISR                        text103      018AC
_EUSART_Write                               text66       0192F
_FlashLed100ms                              text43       026F2
_GIE                                        (abs)        0005F
_INTCONbits                                 (abs)        0000B
_INTERRUPT_InterruptManager                 intentry     00004
_LATA                                       (abs)        0010C
_LATA5                                      (abs)        00865
_LATB                                       (abs)        0010D
_LATB4                                      (abs)        0086C
_LATC                                       (abs)        0010E
_LATC1                                      (abs)        00871
_LATC5                                      (abs)        00875
_LCDBusyLoop                                text80       01EC6
_LCDByte                                    text79       01B75
_LCDGotoXY                                  text78       0190B
_LCDInit                                    text17       01F5E
_LCDWriteInt                                text52       015D0
_LCDWriteString                             text77       01C65
_LCD_ToggleBacklight                        text47       027E7
_LeaveSettingsScreen                        text40       01265
_MainMenu                                   (abs)        02778
_MenuScreen_Clear                           text55       01C26
_MenuScreen_Display                         text53       00A04
_MenuScreen_Init                            text91       01E39
_OPTION_REGbits                             (abs)        00095
_OSCCON                                     (abs)        00099
_OSCILLATOR_Initialize                      text89       0260A
_OSCSTAT                                    (abs)        0009A
_OSCTUNE                                    (abs)        00098
_OW_read_bit                                text6        01856
_OW_read_byte                               text5        027B6
_OW_reset_pulse                             text13       01A10
_OW_write_bit                               text11       01977
_OW_write_byte                              text10       02727
_PIE1bits                                   (abs)        00091
_PIE2bits                                   (abs)        00092
_PIN_MANAGER_Initialize                     text88       010ED
_PIR1bits                                   (abs)        00011
_PIR2bits                                   (abs)        00012
_PORTA                                      (abs)        0000C
_PPSLOCK                                    (abs)        00E0F
_PPSLOCKbits                                (abs)        00E0F
_PR2                                        (abs)        0001B
_PR4                                        (abs)        00416
_PWM3CON                                    (abs)        00619
_PWM3DCH                                    (abs)        00618
_PWM3DCL                                    (abs)        00617
_PWM3_GetDutyValue                          text49       0261C
_PWM3_Initialize                            text87       02646
_PWM3_LoadDutyValue                         text48       0181F
_RA4                                        (abs)        00064
_RA5                                        (abs)        00065
_RB0                                        (abs)        00068
_RB1PPSbits                                 (abs)        00E99
_RB2                                        (abs)        0006A
_RB3                                        (abs)        0006B
_RB4                                        (abs)        0006C
_RB5                                        (abs)        0006D
_RC0PPSbits                                 (abs)        00EA0
_RC1REG                                     (abs)        00199
_RC1STA                                     (abs)        0019D
_RC1STAbits                                 (abs)        0019D
_RC2                                        (abs)        00072
_RC3PPSbits                                 (abs)        00EA3
_RC5                                        (abs)        00075
_RC6PPSbits                                 (abs)        00EA6
_RXPPSbits                                  (abs)        00E24
_SP1BRGH                                    (abs)        0019C
_SP1BRGL                                    (abs)        0019B
_SPI_Exchange8bit                           text99       02628
_SPI_Initialize                             text86       02610
_SSP1ADD                                    (abs)        00212
_SSP1CON1                                   (abs)        00215
_SSP1CON1bits                               (abs)        00215
_SSP1STAT                                   (abs)        00214
_SSP1STATbits                               (abs)        00214
_SSPBUF                                     (abs)        00211
_SSPCLKPPSbits                              (abs)        00E20
_SSPDATPPSbits                              (abs)        00E21
_SYSTEM_Initialize                          text81       02789
_SavedEventCounter                          bssBANK1     000E1
_SettingsScreen_Display                     text51       00811
_SettingsScreen_Init                        text50       01953
_SysTime_DiffMs                             text75       0142D
_SysTime_GetNow                             text72       018E8
_T2CON                                      (abs)        0001C
_T2CONbits                                  (abs)        0001C
_T4CON                                      (abs)        00417
_T4CONbits                                  (abs)        00417
_TMR2                                       (abs)        0001A
_TMR2_ISR                                   text102      025F2
_TMR2_Initialize                            text84       02651
_TMR2_StartTimer                            text85       025F5
_TMR4                                       (abs)        00415
_TMR4_GetMs                                 text74       02616
_TMR4_GetSec                                text73       02631
_TMR4_ISR                                   text101      027CE
_TMR4_Initialize                            text82       02680
_TMR4_MsCntr                                bssBANK2     00136
_TMR4_SecCntr                               bssBANK2     00120
_TMR4_StartTimer                            text83       025F8
_TRISA                                      (abs)        0008C
_TRISA5                                     (abs)        00465
_TRISAbits                                  (abs)        0008C
_TRISB                                      (abs)        0008D
_TRISBbits                                  (abs)        0008D
_TRISC                                      (abs)        0008E
_TRISE                                      (abs)        00090
_TX1REG                                     (abs)        0019A
_TX1STA                                     (abs)        0019E
_TempSensor_Init                            text8        0188F
_UpFractLimitRT                             bssBANK2     00166
_UpIntLimitRT                               bssBANK1     000E5
_WDTCONbits                                 (abs)        00097
_WPUA                                       (abs)        0020C
_WPUB                                       (abs)        0020D
_WPUC                                       (abs)        0020E
_WPUE                                       (abs)        00210
__ACKLastSavedEvent                         text56       01BEB
__ACKLastSavedEvent@newEvent                cstackBANK1  000A0
__AlarmEvent_IncreaseSavedCounter           text62       0274C
__AlarmEvent_SaveToAddress                  text59       026E2
__AlarmEvent_SaveToAddress@address          cstackBANK0  00067
__AlarmEvent_SaveToAddress@e                cstackBANK0  00069
__ButtonDownPressed                         bssBANK2     0014A
__ButtonDown_LastChangeTime                 bssBANK3     001CA
__ButtonSetPressed                          bssBANK2     0014B
__ButtonSet_LastChangeTime                  bssBANK3     001D0
__ButtonUpPressed                           bssBANK2     0014C
__ButtonUp_LastChangeTime                   bssBANK3     001D6
__CFG_BOREN$ON                              (abs)        00000
__CFG_BORV$LO                               (abs)        00000
__CFG_CLKOUTEN$OFF                          (abs)        00000
__CFG_CP$OFF                                (abs)        00000
__CFG_FCMEN$ON                              (abs)        00000
__CFG_FOSC$XT                               (abs)        00000
__CFG_IESO$ON                               (abs)        00000
__CFG_LPBOR$OFF                             (abs)        00000
__CFG_LVP$OFF                               (abs)        00000
__CFG_MCLRE$ON                              (abs)        00000
__CFG_PLLEN$ON                              (abs)        00000
__CFG_PPS1WAY$ON                            (abs)        00000
__CFG_PWRTE$OFF                             (abs)        00000
__CFG_STVREN$ON                             (abs)        00000
__CFG_WDTE$ON                               (abs)        00000
__CFG_WRT$OFF                               (abs)        00000
__CFG_ZCDDIS$ON                             (abs)        00000
__EEPROM_25AA040A_ReadStatus                text71       026D2
__EEPROM_25AA040A_ReadStatus@regVal         cstackCOMMON 00074
__EEPROM_25AA040A_WriteEnable               text70       01091
__EEPROM_25AA040A_WriteEnable@curTime       cstackBANK0  00049
__EEPROM_25AA040A_WriteEnable@start         cstackBANK0  00043
__EEPROM_25AA040A_WriteEnable@statusOk      cstackBANK0  00042
__EEPROM_25AA040A_WriteEnable@statusReg     cstackBANK0  00041
__Habs1                                     abs1         00000
__Hbank0                                    bank0        00000
__Hbank1                                    bank1        00000
__Hbank10                                   bank10       00000
__Hbank11                                   bank11       00000
__Hbank12                                   bank12       00000
__Hbank13                                   bank13       00000
__Hbank14                                   bank14       00000
__Hbank15                                   bank15       00000
__Hbank16                                   bank16       00000
__Hbank17                                   bank17       00000
__Hbank18                                   bank18       00000
__Hbank19                                   bank19       00000
__Hbank2                                    bank2        00000
__Hbank20                                   bank20       00000
__Hbank21                                   bank21       00000
__Hbank22                                   bank22       00000
__Hbank23                                   bank23       00000
__Hbank24                                   bank24       00000
__Hbank25                                   bank25       00000
__Hbank26                                   bank26       00000
__Hbank27                                   bank27       00000
__Hbank28                                   bank28       00000
__Hbank29                                   bank29       00000
__Hbank3                                    bank3        00000
__Hbank30                                   bank30       00000
__Hbank31                                   bank31       00000
__Hbank4                                    bank4        00000
__Hbank5                                    bank5        00000
__Hbank6                                    bank6        00000
__Hbank7                                    bank7        00000
__Hbank8                                    bank8        00000
__Hbank9                                    bank9        00000
__Hbigram                                   bigram       00000
__HbssBANK1                                 bssBANK1     00000
__HbssBANK2                                 bssBANK2     00000
__HbssBANK3                                 bssBANK3     00000
__HbssBANK4                                 bssBANK4     00000
__HbssCOMMON                                bssCOMMON    00000
__Hcinit                                    cinit        00096
__Hclrtext                                  clrtext      00000
__Hcode                                     code         00000
__Hcommon                                   common       00000
__Hconfig                                   config       08009
__HcstackBANK0                              cstackBANK0  00000
__HcstackBANK1                              cstackBANK1  00000
__HcstackCOMMON                             cstackCOMMON 00000
__HdataBANK1                                dataBANK1    00000
__HdataBANK2                                dataBANK2    00000
__HdataBANK5                                dataBANK5    00000
__Heeprom_data                              eeprom_data  00000
__Hend_init                                 end_init     00036
__Hfunctab                                  functab      00000
__HidataBANK1                               idataBANK1   00000
__HidataBANK2                               idataBANK2   00000
__HidataBANK5                               idataBANK5   00000
__HidataBIGRAM                              idataBIGRAM  00000
__Hidloc                                    idloc        00000
__Hinit                                     init         00034
__Hinittext                                 inittext     00000
__Hintentry                                 intentry     00034
__Hmaintext                                 maintext     00000
__HnvBANK2                                  nvBANK2      00000
__Hpowerup                                  powerup      00000
__Hram                                      ram          00000
__Hreset_vec                                reset_vec    00002
__Hsfr0                                     sfr0         00000
__Hsfr1                                     sfr1         00000
__Hsfr10                                    sfr10        00000
__Hsfr11                                    sfr11        00000
__Hsfr12                                    sfr12        00000
__Hsfr13                                    sfr13        00000
__Hsfr14                                    sfr14        00000
__Hsfr15                                    sfr15        00000
__Hsfr16                                    sfr16        00000
__Hsfr17                                    sfr17        00000
__Hsfr18                                    sfr18        00000
__Hsfr19                                    sfr19        00000
__Hsfr2                                     sfr2         00000
__Hsfr20                                    sfr20        00000
__Hsfr21                                    sfr21        00000
__Hsfr22                                    sfr22        00000
__Hsfr23                                    sfr23        00000
__Hsfr24                                    sfr24        00000
__Hsfr25                                    sfr25        00000
__Hsfr26                                    sfr26        00000
__Hsfr27                                    sfr27        00000
__Hsfr28                                    sfr28        00000
__Hsfr29                                    sfr29        00000
__Hsfr3                                     sfr3         00000
__Hsfr30                                    sfr30        00000
__Hsfr31                                    sfr31        00000
__Hsfr4                                     sfr4         00000
__Hsfr5                                     sfr5         00000
__Hsfr6                                     sfr6         00000
__Hsfr7                                     sfr7         00000
__Hsfr8                                     sfr8         00000
__Hsfr9                                     sfr9         00000
__Hspace_0                                  (abs)        08009
__Hspace_1                                  (abs)        002E0
__Hspace_2                                  (abs)        00000
__Hspace_3                                  (abs)        00000
__Hstack                                    stack        00000
__Hstrings                                  strings      00000
__Hstringtext                               stringtext   00000
__Htext                                     text         00000
__Labs1                                     abs1         00000
__Lbank0                                    bank0        00000
__Lbank1                                    bank1        00000
__Lbank10                                   bank10       00000
__Lbank11                                   bank11       00000
__Lbank12                                   bank12       00000
__Lbank13                                   bank13       00000
__Lbank14                                   bank14       00000
__Lbank15                                   bank15       00000
__Lbank16                                   bank16       00000
__Lbank17                                   bank17       00000
__Lbank18                                   bank18       00000
__Lbank19                                   bank19       00000
__Lbank2                                    bank2        00000
__Lbank20                                   bank20       00000
__Lbank21                                   bank21       00000
__Lbank22                                   bank22       00000
__Lbank23                                   bank23       00000
__Lbank24                                   bank24       00000
__Lbank25                                   bank25       00000
__Lbank26                                   bank26       00000
__Lbank27                                   bank27       00000
__Lbank28                                   bank28       00000
__Lbank29                                   bank29       00000
__Lbank3                                    bank3        00000
__Lbank30                                   bank30       00000
__Lbank31                                   bank31       00000
__Lbank4                                    bank4        00000
__Lbank5                                    bank5        00000
__Lbank6                                    bank6        00000
__Lbank7                                    bank7        00000
__Lbank8                                    bank8        00000
__Lbank9                                    bank9        00000
__Lbigram                                   bigram       00000
__LbssBANK1                                 bssBANK1     00000
__LbssBANK2                                 bssBANK2     00000
__LbssBANK3                                 bssBANK3     00000
__LbssBANK4                                 bssBANK4     00000
__LbssCOMMON                                bssCOMMON    00000
__Lcinit                                    cinit        00036
__Lclrtext                                  clrtext      00000
__Lcode                                     code         00000
__Lcommon                                   common       00000
__Lconfig                                   config       08007
__LcstackBANK0                              cstackBANK0  00000
__LcstackBANK1                              cstackBANK1  00000
__LcstackCOMMON                             cstackCOMMON 00000
__LdataBANK1                                dataBANK1    00000
__LdataBANK2                                dataBANK2    00000
__LdataBANK5                                dataBANK5    00000
__Leeprom_data                              eeprom_data  00000
__Lend_init                                 end_init     00034
__Lfunctab                                  functab      00000
__LidataBANK1                               idataBANK1   00000
__LidataBANK2                               idataBANK2   00000
__LidataBANK5                               idataBANK5   00000
__LidataBIGRAM                              idataBIGRAM  00000
__Lidloc                                    idloc        00000
__Linit                                     init         00034
__Linittext                                 inittext     00000
__Lintentry                                 intentry     00004
__Lmaintext                                 maintext     00000
__LnvBANK2                                  nvBANK2      00000
__Lpowerup                                  powerup      00000
__Lram                                      ram          00000
__Lreset_vec                                reset_vec    00000
__Lsfr0                                     sfr0         00000
__Lsfr1                                     sfr1         00000
__Lsfr10                                    sfr10        00000
__Lsfr11                                    sfr11        00000
__Lsfr12                                    sfr12        00000
__Lsfr13                                    sfr13        00000
__Lsfr14                                    sfr14        00000
__Lsfr15                                    sfr15        00000
__Lsfr16                                    sfr16        00000
__Lsfr17                                    sfr17        00000
__Lsfr18                                    sfr18        00000
__Lsfr19                                    sfr19        00000
__Lsfr2                                     sfr2         00000
__Lsfr20                                    sfr20        00000
__Lsfr21                                    sfr21        00000
__Lsfr22                                    sfr22        00000
__Lsfr23                                    sfr23        00000
__Lsfr24                                    sfr24        00000
__Lsfr25                                    sfr25        00000
__Lsfr26                                    sfr26        00000
__Lsfr27                                    sfr27        00000
__Lsfr28                                    sfr28        00000
__Lsfr29                                    sfr29        00000
__Lsfr3                                     sfr3         00000
__Lsfr30                                    sfr30        00000
__Lsfr31                                    sfr31        00000
__Lsfr4                                     sfr4         00000
__Lsfr5                                     sfr5         00000
__Lsfr6                                     sfr6         00000
__Lsfr7                                     sfr7         00000
__Lsfr8                                     sfr8         00000
__Lsfr9                                     sfr9         00000
__Lspace_0                                  (abs)        00000
__Lspace_1                                  (abs)        00000
__Lspace_2                                  (abs)        00000
__Lspace_3                                  (abs)        00000
__Lstack                                    stack        00000
__Lstrings                                  strings      00000
__Lstringtext                               stringtext   00000
__Ltext                                     text         00000
__MenuScreen_MoveDown                       text44       007C6
__MenuScreen_MoveDown@oldSelected           cstackBANK0  0003C
__MenuScreen_MoveDown@wasLongPress          cstackBANK0  00037
__MenuScreen_MoveUp                         text34       01B3D
__MenuScreen_MoveUp@oldSelected             cstackBANK0  0003C
__MenuScreen_MoveUp@wasLongPress            cstackBANK0  00037
__MenuScreen_SetRelease                     text36       01F0E
__MenuScreen_SetRelease@isFromLongPress     cstackBANK0  0003A
__Menu_MaxValidIndex                        bssCOMMON    0007A
__Menu_SelectedItem                         bssCOMMON    0007B
__PWM3_CurDutyValue                         nvBANK2      0016C
__S0                                        (abs)        08009
__S1                                        (abs)        002E0
__S2                                        (abs)        00000
__SettingsScreen_DownRelease                text45       0114A
__SettingsScreen_DownRelease@wasLongPress   cstackBANK0  00037
__SettingsScreen_SetLongPress               text39       02622
__SettingsScreen_SetRelease                 text37       02739
__SettingsScreen_SetRelease@isFromLongPress cstackBANK0  0003A
__SettingsScreen_UpRelease                  text35       011A8
__SettingsScreen_UpRelease@wasLongPress     cstackBANK0  00037
___awdiv                                    text61       01FAE
___awdiv@counter                            cstackBANK0  00020
___awdiv@dividend                           cstackCOMMON 00074
[...]
		_SPI_Exchange8bit
 This function is called by:
		_Alarm_Init
 This function uses a non-reentrant model


 *************** function _SPI_Exchange8bit *****************
 Defined at:
		line 78 in file "mcc_generated_files/spi.c"
 Parameters:    Size  Location     Type
  data            1    wreg     unsigned char 
 Auto vars:     Size  Location     Type
  data            1    2[COMMON] unsigned char 
 Return value:  Size  Location     Type
                  1    wreg      unsigned char 
 Registers used:
		wreg
 Tracked objects:
		On entry : 
		On exit  : 
		Unchanged: 
 Data sizes:     COMMON   BANK0   BANK1   BANK2   BANK3   BANK4   BANK5   BANK6   BANK7   BANK8   BANK9  BANK10  BANK11  BANK12  BANK13  BANK14  BANK15  BANK16  BANK17  BANK18  BANK19  BANK20  BANK21  BANK22  BANK23  BANK24  BANK25
      Params:         0       0       0       0       0       0       0       0       0       0       0       0       0       0       0       0       0       0       0       0       0       0       0       0       0       0       0
      Locals:         1       0       0       0       0       0       0       0       0       0       0       0       0       0       0       0       0       0       0       0       0       0       0       0       0       0       0
      Temps:          0       0       0       0       0       0       0       0       0       0       0       0       0       0       0       0       0       0       0       0       0       0       0       0       0       0       0
      Totals:         1       0       0       0       0       0       0       0       0       0       0       0       0       0       0       0       0       0       0       0       0       0       0       0       0       0       0
Total ram usage:        1 bytes
 Hardware stack levels used:    1
 Hardware stack levels required when called:    2
 This function calls:
		Nothing
 This function is called by:
		__EEPROM_25AA040A_ReadStatus
		__EEPROM_25AA040A_WriteEnable
		_EEPROM_25AA040A_ReadByte
		_EEPROM_25AA040A_ReadToBuffer
		_EEPROM_25AA040A_WriteByte
		_EEPROM_25AA040A_WriteBuffer
		_EEPROM_25AA040A_Dump
		_SPI_Exchange8bitBuffer
 This function uses a non-reentrant model


 *************** function _INTERRUPT_InterruptManager *****************
 Defined at:
		line 52 in file "mcc_generated_files/interrupt_manager.c"
 Parameters:    Size  Location     Type
		None
 Auto vars:     Size  Location     Type
		None
 Return value:  Size  Location     Type
		None               void
 Registers used:
		wreg, fsr1l, fsr1h, status,2, status,0, pclath, cstack
 Tracked objects:
		On entry : 
		On exit  : 
		Unchanged: 
 Data sizes:     COMMON   BANK0   BANK1   BANK2   BANK3   BANK4   BANK5   BANK6   BANK7   BANK8   BANK9  BANK10  BANK11  BANK12  BANK13  BANK14  BANK15  BANK16  BANK17  BANK18  BANK19  BANK20  BANK21  BANK22  BANK23  BANK24  BANK25
      Params:         0       0       0       0       0       0       0       0       0       0       0       0       0       0       0       0       0       0       0       0       0       0       0       0       0       0       0
      Locals:         0       0       0       0       0       0       0       0       0       0       0       0       0       0       0       0       0       0       0       0       0       0       0       0       0       0       0
      Temps:          1       0       0       0       0       0       0       0       0       0       0       0       0       0       0       0       0       0       0       0       0       0       0       0       0       0       0
      Totals:         1       0       0       0       0       0       0       0       0       0       0       0       0       0       0       0       0       0       0       0       0       0       0       0       0       0       0
Total ram usage:        1 bytes
 Hardware stack levels used:    1
 Hardware stack levels required when called:    1
 This function calls:
		_EUSART_Receive_ISR
		_EUSART_Transmit_ISR
		_TMR2_ISR
		_TMR4_ISR
 This function is called by:
		Interrupt level 1
 This function uses a non-reentrant model


 *************** function _TMR4_ISR *****************
 Defined at:
		line 127 in file "mcc_generated_files/tmr4.c"
 Parameters:    Size  Location     Type
		None
 Auto vars:     Size  Location     Type
		None
 Return value:  Size  Location     Type
		None               void
 Registers used:
		wreg, status,2
 Tracked objects:
		On entry : 
		On exit  : 
		Unchanged: 
 Data sizes:     COMMON   BANK0   BANK1   BANK2   BANK3   BANK4   BANK5   BANK6   BANK7   BANK8   BANK9  BANK10  BANK11  BANK12  BANK13  BANK14  BANK15  BANK16  BANK17  BANK18  BANK19  BANK20  BANK21  BANK22  BANK23  BANK24  BANK25
      Params:         0       0       0       0       0       0       0       0       0       0       0       0       0       0       0       0       0       0       0       0       0       0       0       0       0       0       0
      Locals:         0       0       0       0       0       0       0       0       0       0       0       0       0       0       0       0       0       0       0       0       0       0       0       0       0       0       0
      Temps:          0       0       0       0       0       0       0       0       0       0       0       0       0       0       0       0       0       0       0       0       0       0       0       0       0       0       0
      Totals:         0       0       0       0       0       0       0       0       0       0       0       0       0       0       0       0       0       0       0       0       0       0       0       0       0       0       0
Total ram usage:        0 bytes
 Hardware stack levels used:    1
 This function calls:
		Nothing
 This function is called by:
		_INTERRUPT_InterruptManager
 This function uses a non-reentrant model


 *************** function _TMR2_ISR *****************
 Defined at:
		line 107 in file "mcc_generated_files/tmr2.c"
 Parameters:    Size  Location     Type
		None
 Auto vars:     Size  Location     Type
		None
 Return value:  Size  Location     Type
		None               void
 Registers used:
		None
 Tracked objects:
		On entry : 
		On exit  : 
		Unchanged: 
 Data sizes:     COMMON   BANK0   BANK1   BANK2   BANK3   BANK4   BANK5   BANK6   BANK7   BANK8   BANK9  BANK10  BANK11  BANK12  BANK13  BANK14  BANK15  BANK16  BANK17  BANK18  BANK19  BANK20  BANK21  BANK22  BANK23  BANK24  BANK25
      Params:         0       0       0       0       0       0       0       0       0       0       0       0       0       0       0       0       0       0       0       0       0       0       0       0       0       0       0
      Locals:         0       0       0       0       0       0       0       0       0       0       0       0       0       0       0       0       0       0       0       0       0       0       0       0       0       0       0
      Temps:          0       0       0       0       0       0       0       0       0       0       0       0       0       0       0       0       0       0       0       0       0       0       0       0       0       0       0
      Totals:         0       0       0       0       0       0       0       0       0       0       0       0       0       0       0       0       0       0       0       0       0       0       0       0       0       0       0
Total ram usage:        0 bytes
 Hardware stack levels used:    1
 This function calls:
		Nothing
 This function is called by:
		_INTERRUPT_InterruptManager
 This function uses a non-reentrant model


 *************** function _EUSART_Transmit_ISR *****************
 Defined at:
		line 167 in file "mcc_generated_files/eusart.c"
 Parameters:    Size  Location     Type
		None
 Auto vars:     Size  Location     Type
		None
 Return value:  Size  Location     Type
		None               void
 Registers used:
		wreg, fsr1l, fsr1h, status,2, status,0
 Tracked objects:
		On entry : 
		On exit  : 
		Unchanged: 
 Data sizes:     COMMON   BANK0   BANK1   BANK2   BANK3   BANK4   BANK5   BANK6   BANK7   BANK8   BANK9  BANK10  BANK11  BANK12  BANK13  BANK14  BANK15  BANK16  BANK17  BANK18  BANK19  BANK20  BANK21  BANK22  BANK23  BANK24  BANK25
      Params:         0       0       0       0       0       0       0       0       0       0       0       0       0       0       0       0       0       0       0       0       0       0       0       0       0       0       0
      Locals:         0       0       0       0       0       0       0       0       0       0       0       0       0       0       0       0       0       0       0       0       0       0       0       0       0       0       0
      Temps:          1       0       0       0       0       0       0       0       0       0       0       0       0       0       0       0       0       0       0       0       0       0       0       0       0       0       0
      Totals:         1       0       0       0       0       0       0       0       0       0       0       0       0       0       0       0       0       0       0       0       0       0       0       0       0       0       0
Total ram usage:        1 bytes
 Hardware stack levels used:    1
 This function calls:
		Nothing
 This function is called by:
		_INTERRUPT_InterruptManager
 This function uses a non-reentrant model


 *************** function _EUSART_Receive_ISR *****************
 Defined at:
		line 186 in file "mcc_generated_files/eusart.c"
 Parameters:    Size  Location     Type
		None
 Auto vars:     Size  Location     Type
		None
 Return value:  Size  Location     Type
		None               void
 Registers used:
		wreg, fsr1l, fsr1h, status,2, status,0
 Tracked objects:
		On entry : 
		On exit  : 
		Unchanged: 
 Data sizes:     COMMON   BANK0   BANK1   BANK2   BANK3   BANK4   BANK5   BANK6   BANK7   BANK8   BANK9  BANK10  BANK11  BANK12  BANK13  BANK14  BANK15  BANK16  BANK17  BANK18  BANK19  BANK20  BANK21  BANK22  BANK23  BANK24  BANK25
      Params:         0       0       0       0       0       0       0       0       0       0       0       0       0       0       0       0       0       0       0       0       0       0       0       0       0       0       0
      Locals:         0       0       0       0       0       0       0       0       0       0       0       0       0       0       0       0       0       0       0       0       0       0       0       0       0       0       0
      Temps:          1       0       0       0       0       0       0       0       0       0       0       0       0       0       0       0       0       0       0       0       0       0       0       0       0       0       0
      Totals:         1       0       0       0       0       0       0       0       0       0       0       0       0       0       0       0       0       0       0       0       0       0       0       0       0       0       0
Total ram usage:        1 bytes
 Hardware stack levels used:    1
 This function calls:
		Nothing
 This function is called by:
		_INTERRUPT_InterruptManager
 This function uses a non-reentrant model



MODULE INFORMATION

Module		Function		Class		Link	Load	Size
systime.c
		_SysTime_DiffMs		CODE           	142D	0000	139
		_SysTime_GetNow		CODE           	18E8	0000	36

systime.c estimated size: 175

settingsscreen.c
		__SettingsScreen_SetRelease		CODE           	2739	0000	20
		_SettingsScreen_Init		CODE           	1953	0000	37
		__SettingsScreen_SetLongPress		CODE           	2622	0000	7
		__SettingsScreen_UpRelease		CODE           	11A8	0000	95
		_SettingsScreen_Display		CODE           	0811	0000	246
		__SettingsScreen_DownRelease		CODE           	114A	0000	95
		_LeaveSettingsScreen		CODE           	1265	0000	104
		_ChangeToSettingsScreen		CODE           	1003	0000	60

settingsscreen.c estimated size: 664

/opt/microchip/xc8/v1.35/sources/common/memset.c
		_memset        		CODE           	279E	0000	25

/opt/microchip/xc8/v1.35/sources/common/memset.c estimated size: 25

/opt/microchip/xc8/v1.35/sources/common/awdiv.c
		___awdiv       		CODE           	1FAE	0000	83

/opt/microchip/xc8/v1.35/sources/common/awdiv.c estimated size: 83

/opt/microchip/xc8/v1.35/sources/common/toupper.c
		_toupper       		CODE           	26C3	0000	16

/opt/microchip/xc8/v1.35/sources/common/toupper.c estimated size: 16

DS18B20.c
		_DS18B20_StartConversion		CODE           	269A	0000	14
		_DS18B20_ResetAndDetect		CODE           	268D	0000	14
		_DS18B20_ReadRawTemperature		CODE           	1B08	0000	54
		_DS18B20_SetResolution		CODE           	19C0	0000	38

DS18B20.c estimated size: 120

/opt/microchip/xc8/v1.35/sources/common/isalpha.c
		_isalpha       		CODE           	2703	0000	19

/opt/microchip/xc8/v1.35/sources/common/isalpha.c estimated size: 19

mcc_generated_files/tmr4.c
		_TMR4_ISR      		CODE           	27CE	0000	26
		_TMR4_Initialize		CODE           	2680	0000	14
		_TMR4_GetMs    		CODE           	2616	0000	7
		_TMR4_StartTimer		CODE           	25F8	0000	4
		_TMR4_GetSec   		CODE           	2631	0000	11

mcc_generated_files/tmr4.c estimated size: 62

liblcd/lcd.c
		_LCDByte       		CODE           	1B75	0000	60
		_LCDWriteInt   		CODE           	15D0	0000	146
		_LCD_ToggleBacklight		CODE           	27E7	0000	26
		_LCDInit       		CODE           	1F5E	0000	81
		_LCDWriteString		CODE           	1C65	0000	65
		_LCDGotoXY     		CODE           	190B	0000	37
		_LCDBusyLoop   		CODE           	1EC6	0000	73

liblcd/lcd.c estimated size: 488

/opt/microchip/xc8/v1.35/sources/common/isspace.c
		_isspace       		CODE           	2715	0000	19

/opt/microchip/xc8/v1.35/sources/common/isspace.c estimated size: 19

/opt/microchip/xc8/v1.35/sources/common/doprnt.c
		_printf        		CODE           	0096	0000	676

/opt/microchip/xc8/v1.35/sources/common/doprnt.c estimated size: 676

mcc_generated_files/tmr2.c
		_TMR2_ISR      		CODE           	25F2	0000	4
		_TMR2_Initialize		CODE           	2651	0000	12
		_TMR2_StartTimer		CODE           	25F5	0000	4

mcc_generated_files/tmr2.c estimated size: 20

mcc_generated_files/interrupt_manager.c
		_INTERRUPT_InterruptManager		CODE           	0004	0000	49

mcc_generated_files/interrupt_manager.c estimated size: 49

/opt/microchip/xc8/v1.35/sources/common/strncmp.c
		_strncmp       		CODE           	1D28	0000	68

/opt/microchip/xc8/v1.35/sources/common/strncmp.c estimated size: 68

temperature.c
		_updateTemperature		CODE           	0B4F	0000	360
		_TempSensor_Init		CODE           	188F	0000	30

temperature.c estimated size: 390

/opt/microchip/xc8/v1.35/sources/common/Umul16.c
		___wmul        		CODE           	183A	0000	29

/opt/microchip/xc8/v1.35/sources/common/Umul16.c estimated size: 29

mcc_generated_files/pin_manager.c
		_PIN_MANAGER_Initialize		CODE           	10ED	0000	94

mcc_generated_files/pin_manager.c estimated size: 94

buttons.c
		_handleButtons 		CODE           	0CB6	0000	408

buttons.c estimated size: 408

/opt/microchip/xc8/v1.35/sources/common/isdigit.c
		_isdigit       		CODE           	26A7	0000	15

/opt/microchip/xc8/v1.35/sources/common/isdigit.c estimated size: 15

config.c
		_Config_GetBottomLimit		CODE           	1AA0	0000	52
		_Config_SetBottomLimit		CODE           	14B7	0000	140
		_Config_GetUpLimit		CODE           	1A3C	0000	51
		_Config_SetUpLimit		CODE           	13AF	0000	127
		_Config_InitRTValues		CODE           	2774	0000	22

config.c estimated size: 392

25AA040A.c
		_EEPROM_25AA040A_WriteByte		CODE           	1BB0	0000	60
		__EEPROM_25AA040A_WriteEnable		CODE           	1091	0000	93
		__EEPROM_25AA040A_ReadStatus		CODE           	26D2	0000	17
		_EEPROM_25AA040A_WriteBuffer		CODE           	1724	0000	221
		_EEPROM_25AA040A_Dump		CODE           	1206	0000	96
		_EEPROM_25AA040A_ReadByte		CODE           	1AD3	0000	54
		_EEPROM_25AA040A_ReadToBuffer		CODE           	1DAF	0000	70

25AA040A.c estimated size: 611

menuscreen.c
		__MenuScreen_MoveDown		CODE           	07C6	0000	59
		_MenuScreen_Init		CODE           	1E39	0000	71
		_MenuScreen_Display		CODE           	0A04	0000	332
		_MenuScreen_Clear		CODE           	1C26	0000	64
		__MenuScreen_MoveUp		CODE           	1B3D	0000	57
		__MenuScreen_SetRelease		CODE           	1F0E	0000	81

menuscreen.c estimated size: 664

mcc_generated_files/spi.c
		_SPI_Exchange8bit		CODE           	2628	0000	10
		_SPI_Initialize		CODE           	2610	0000	7

mcc_generated_files/spi.c estimated size: 17

/opt/microchip/xc8/v1.35/sources/common/llmod.c
		___llmod       		CODE           	1CE5	0000	68

/opt/microchip/xc8/v1.35/sources/common/llmod.c estimated size: 68

/opt/microchip/xc8/v1.35/sources/common/Umul32.c
		___lmul        		CODE           	1A6E	0000	51

/opt/microchip/xc8/v1.35/sources/common/Umul32.c estimated size: 51

shared
		_dpowers       		STRCODE        	0339	0000	41
		__initialization		CODE           	0036	0000	93
		_hexpowers     		STRCODE        	0361	0000	33

shared estimated size: 167

mcc_generated_files/mcc.c
		_OSCILLATOR_Initialize		CODE           	260A	0000	7
		_SYSTEM_Initialize		CODE           	2789	0000	22

mcc_generated_files/mcc.c estimated size: 29

mcc_generated_files/pwm3.c
		_PWM3_GetDutyValue		CODE           	261C	0000	7
		_PWM3_Initialize		CODE           	2646	0000	12
		_PWM3_LoadDutyValue		CODE           	181F	0000	28

mcc_generated_files/pwm3.c estimated size: 47

alarm.c
		_printAllAlarmEvents		CODE           	1542	0000	143
		_clearAllAlarmEvents		CODE           	1D6B	0000	69
		__ACKLastSavedEvent		CODE           	1BEB	0000	60
		_checkAlarm    		CODE           	0E4D	0000	436
		_ACKAlarm      		CODE           	19E5	0000	44
		__saveAlarmEvent		CODE           	12CC	0000	108
		_Alarm_Init    		CODE           	263B	0000	12
		__AlarmEvent_SaveToAddress		CODE           	26E2	0000	17
		__AlarmEvent_IncreaseSavedCounter		CODE           	274C	0000	21

alarm.c estimated size: 910

commands.c
		_processCommand		CODE           	05D5	0000	498

commands.c estimated size: 498

/opt/microchip/xc8/v1.35/sources/common/awmod.c
		___awmod       		CODE           	1DF4	0000	70

/opt/microchip/xc8/v1.35/sources/common/awmod.c estimated size: 70

/opt/microchip/xc8/v1.35/sources/common/strlen.c
		_strlen        		CODE           	199B	0000	38

/opt/microchip/xc8/v1.35/sources/common/strlen.c estimated size: 38

mcc_generated_files/eusart.c
		_putch         		CODE           	25FB	0000	6
		_EUSART_Read   		CODE           	18CA	0000	31
		_EUSART_Write  		CODE           	192F	0000	37
		_EUSART_Transmit_ISR		CODE           	18AC	0000	31
		_EUSART_Initialize		CODE           	1804	0000	28
		_getch         		CODE           	1000	0000	4
		_EUSART_Receive_ISR		CODE           	1872	0000	30

mcc_generated_files/eusart.c estimated size: 167

/opt/microchip/xc8/v1.35/sources/common/isupper.c
		_isupper       		CODE           	26B5	0000	15

/opt/microchip/xc8/v1.35/sources/common/isupper.c estimated size: 15

main.c
		_handleUARTInput		CODE           	1E7F	0000	72
		_initDrivers   		CODE           	2760	0000	21
		_main          		CODE           	1661	0000	196

main.c estimated size: 289

/opt/microchip/xc8/v1.35/sources/common/strtol.c
		_strtol        		CODE           	0906	0000	255

/opt/microchip/xc8/v1.35/sources/common/strtol.c estimated size: 255

/opt/microchip/xc8/v1.35/sources/common/lldiv.c
		___lldiv       		CODE           	103E	0000	84

/opt/microchip/xc8/v1.35/sources/common/lldiv.c estimated size: 84

lib1wire/1wire.c
		_OW_read_bit   		CODE           	1856	0000	29
		_OW_read_byte  		CODE           	27B6	0000	25
		_OW_reset_pulse		CODE           	1A10	0000	45
		_read_OW       		CODE           	265C	0000	13
		_OW_write_bit  		CODE           	1977	0000	37
		_drive_OW_low  		CODE           	2605	0000	6
		_OW_write_byte 		CODE           	2727	0000	19
		_drive_OW_high 		CODE           	2600	0000	6

lib1wire/1wire.c estimated size: 180

led.c
		_FlashLed100ms 		CODE           	26F2	0000	18

led.c estimated size: 18

/opt/microchip/xc8/v1.35/sources/common/Umul8.c
		___bmul        		CODE           	0800	0000	18

/opt/microchip/xc8/v1.35/sources/common/Umul8.c estimated size: 18

